#! /c/Source/iverilog-install/bin/vvp
:ivl_version "12.0 (devel)" "(s20150603-1539-g2693dd32b)";
:ivl_delay_selection "TYPICAL";
:vpi_time_precision - 12;
:vpi_module "C:\iverilog\lib\ivl\system.vpi";
:vpi_module "C:\iverilog\lib\ivl\vhdl_sys.vpi";
:vpi_module "C:\iverilog\lib\ivl\vhdl_textio.vpi";
:vpi_module "C:\iverilog\lib\ivl\v2005_math.vpi";
:vpi_module "C:\iverilog\lib\ivl\va_math.vpi";
S_000001f70ed2b710 .scope module, "tb_pipeline_cpu" "tb_pipeline_cpu" 2 7;
 .timescale -9 -12;
v000001f70ed98510_0 .var "clk", 0 0;
v000001f70ed9cd50_0 .var/i "cycle", 31 0;
v000001f70ed9d2f0_0 .var "rst", 0 0;
S_000001f70ed2cfb0 .scope module, "DUT" "pipeline_cpu" 2 12, 3 9 0, S_000001f70ed2b710;
 .timescale 0 0;
    .port_info 0 /INPUT 1 "clk";
    .port_info 1 /INPUT 1 "rst";
L_000001f70ed263a0 .functor OR 1, L_000001f70ed26800, L_000001f70ed26950, C4<0>, C4<0>;
L_000001f70ed266b0 .functor BUFZ 1, L_000001f70ed26790, C4<0>, C4<0>, C4<0>;
L_000001f70ed26790 .functor NOT 1, L_000001f70ed26db0, C4<0>, C4<0>, C4<0>;
L_000001f70ed265d0 .functor OR 1, L_000001f70ed26db0, L_000001f70ed26800, C4<0>, C4<0>;
L_000001f70ed261e0 .functor OR 1, L_000001f70ed265d0, L_000001f70ed26950, C4<0>, C4<0>;
L_000001f70ed26800 .functor AND 1, v000001f70ed93480_0, L_000001f70ed9c710, C4<1>, C4<1>;
L_000001f70ed268e0 .functor BUFZ 32, L_000001f70ed9d9d0, C4<00000000000000000000000000000000>, C4<00000000000000000000000000000000>, C4<00000000000000000000000000000000>;
L_000001f70ed26950 .functor BUFZ 1, v000001f70ed0f460_0, C4<0>, C4<0>, C4<0>;
L_000001f70ed26b10 .functor BUFZ 32, v000001f70ed8eec0_0, C4<00000000000000000000000000000000>, C4<00000000000000000000000000000000>, C4<00000000000000000000000000000000>;
L_000001f70ed26020 .functor BUFZ 1, v000001f70ed957b0_0, C4<0>, C4<0>, C4<0>;
L_000001f70ed269c0 .functor BUFZ 5, v000001f70ed95f30_0, C4<00000>, C4<00000>, C4<00000>;
L_000001f70ed26a30 .functor BUFZ 32, L_000001f70ed2e910, C4<00000000000000000000000000000000>, C4<00000000000000000000000000000000>, C4<00000000000000000000000000000000>;
L_000001f70ed9e098 .functor BUFT 1, C4<00000000000000000000000000000100>, C4<0>, C4<0>, C4<0>;
v000001f70ed94d10_0 .net/2u *"_ivl_0", 31 0, L_000001f70ed9e098;  1 drivers
v000001f70ed94db0_0 .net *"_ivl_27", 0 0, L_000001f70ed9dbb0;  1 drivers
v000001f70ed94ef0_0 .net *"_ivl_28", 15 0, L_000001f70ed9d930;  1 drivers
v000001f70ed94f90_0 .net *"_ivl_33", 3 0, L_000001f70ed9db10;  1 drivers
L_000001f70ed9e2d8 .functor BUFT 1, C4<00>, C4<0>, C4<0>, C4<0>;
v000001f70ed97c20_0 .net/2u *"_ivl_34", 1 0, L_000001f70ed9e2d8;  1 drivers
v000001f70ed96aa0_0 .net *"_ivl_4", 31 0, L_000001f70ed9d4d0;  1 drivers
v000001f70ed96b40_0 .net *"_ivl_40", 0 0, L_000001f70ed265d0;  1 drivers
L_000001f70ed9e368 .functor BUFT 1, C4<01>, C4<0>, C4<0>, C4<0>;
v000001f70ed96460_0 .net/2u *"_ivl_46", 1 0, L_000001f70ed9e368;  1 drivers
v000001f70ed96d20_0 .net *"_ivl_48", 0 0, L_000001f70ed9c2b0;  1 drivers
L_000001f70ed9e3b0 .functor BUFT 1, C4<10>, C4<0>, C4<0>, C4<0>;
v000001f70ed97cc0_0 .net/2u *"_ivl_50", 1 0, L_000001f70ed9e3b0;  1 drivers
v000001f70ed96e60_0 .net *"_ivl_52", 0 0, L_000001f70ed9cf30;  1 drivers
v000001f70ed96960_0 .net *"_ivl_54", 31 0, L_000001f70ed9d890;  1 drivers
L_000001f70ed9e3f8 .functor BUFT 1, C4<01>, C4<0>, C4<0>, C4<0>;
v000001f70ed970e0_0 .net/2u *"_ivl_58", 1 0, L_000001f70ed9e3f8;  1 drivers
v000001f70ed97860_0 .net *"_ivl_60", 0 0, L_000001f70ed9c350;  1 drivers
L_000001f70ed9e440 .functor BUFT 1, C4<10>, C4<0>, C4<0>, C4<0>;
v000001f70ed97b80_0 .net/2u *"_ivl_62", 1 0, L_000001f70ed9e440;  1 drivers
v000001f70ed96be0_0 .net *"_ivl_64", 0 0, L_000001f70ed9d750;  1 drivers
v000001f70ed965a0_0 .net *"_ivl_66", 31 0, L_000001f70ed9c3f0;  1 drivers
v000001f70ed96f00_0 .net *"_ivl_72", 31 0, L_000001f70ed9c850;  1 drivers
v000001f70ed966e0_0 .net *"_ivl_74", 29 0, L_000001f70ed9c7b0;  1 drivers
L_000001f70ed9e4d0 .functor BUFT 1, C4<00>, C4<0>, C4<0>, C4<0>;
v000001f70ed977c0_0 .net *"_ivl_76", 1 0, L_000001f70ed9e4d0;  1 drivers
v000001f70ed96fa0_0 .net "alu_in_a", 31 0, L_000001f70ed9cfd0;  1 drivers
v000001f70ed97040_0 .net "alu_in_b", 31 0, L_000001f70ed9c490;  1 drivers
v000001f70ed97540_0 .net "branch_taken", 0 0, L_000001f70ed26800;  1 drivers
v000001f70ed96320_0 .net "branch_target_addr", 31 0, L_000001f70ed268e0;  1 drivers
v000001f70ed96dc0_0 .net "clk", 0 0, v000001f70ed98510_0;  1 drivers
v000001f70ed97680_0 .net "ex_alu_ctrl", 2 0, v000001f70ed0ece0_0;  1 drivers
v000001f70ed96500_0 .net "ex_alu_result", 31 0, v000001f70ed0f820_0;  1 drivers
v000001f70ed97180_0 .net "ex_branch_target", 31 0, L_000001f70ed9d9d0;  1 drivers
v000001f70ed97d60_0 .net "ex_zero", 0 0, L_000001f70ed9c710;  1 drivers
v000001f70ed96780_0 .net "exmem_alu_result", 31 0, v000001f70ed8eec0_0;  1 drivers
v000001f70ed97220_0 .net "exmem_alu_result_fwd", 31 0, L_000001f70ed26b10;  1 drivers
v000001f70ed97900_0 .net "exmem_branch", 0 0, v000001f70ed8ff00_0;  1 drivers
v000001f70ed96640_0 .net "exmem_branch_target", 31 0, v000001f70ed8eba0_0;  1 drivers
v000001f70ed960a0_0 .net "exmem_mem_read", 0 0, v000001f70ed8f820_0;  1 drivers
v000001f70ed97e00_0 .net "exmem_mem_to_reg", 0 0, v000001f70ed8e600_0;  1 drivers
v000001f70ed97720_0 .net "exmem_mem_write", 0 0, v000001f70ed8ee20_0;  1 drivers
v000001f70ed972c0_0 .net "exmem_reg_write", 0 0, v000001f70ed8ece0_0;  1 drivers
v000001f70ed97360_0 .net "exmem_write_data", 31 0, v000001f70ed8fc80_0;  1 drivers
v000001f70ed97ea0_0 .net "exmem_write_reg", 4 0, v000001f70ed8f5a0_0;  1 drivers
v000001f70ed97f40_0 .net "exmem_zero", 0 0, v000001f70ed8f3c0_0;  1 drivers
v000001f70ed96140_0 .net "fwd_a", 1 0, v000001f70ed8ed80_0;  1 drivers
v000001f70ed974a0_0 .net "fwd_b", 1 0, v000001f70ed8f6e0_0;  1 drivers
v000001f70ed97400_0 .net "fwd_rd2", 31 0, L_000001f70ed9c8f0;  1 drivers
v000001f70ed975e0_0 .net "hazard_stall", 0 0, L_000001f70ed26db0;  1 drivers
v000001f70ed961e0_0 .net "id_alu_op", 1 0, v000001f70ed0f960_0;  1 drivers
v000001f70ed979a0_0 .net "id_alu_src", 0 0, v000001f70ed0f0a0_0;  1 drivers
v000001f70ed963c0_0 .net "id_branch", 0 0, v000001f70ed0f140_0;  1 drivers
v000001f70ed97a40_0 .net "id_ex_flush", 0 0, L_000001f70ed261e0;  1 drivers
v000001f70ed97ae0_0 .net "id_funct", 5 0, L_000001f70ed9dcf0;  1 drivers
v000001f70ed96280_0 .net "id_imm", 15 0, L_000001f70ed9d110;  1 drivers
v000001f70ed96820_0 .net "id_jaddr", 25 0, L_000001f70ed9c5d0;  1 drivers
v000001f70ed968c0_0 .net "id_jump", 0 0, v000001f70ed0f460_0;  1 drivers
v000001f70ed96a00_0 .net "id_mem_read", 0 0, v000001f70ed0f500_0;  1 drivers
v000001f70ed96c80_0 .net "id_mem_to_reg", 0 0, v000001f70ed0f5a0_0;  1 drivers
v000001f70ed98970_0 .net "id_mem_write", 0 0, v000001f70ed0f640_0;  1 drivers
v000001f70ed98b50_0 .net "id_opcode", 5 0, L_000001f70ed9d7f0;  1 drivers
v000001f70ed98ab0_0 .net "id_rd", 4 0, L_000001f70ed9d570;  1 drivers
v000001f70ed98150_0 .net "id_rd1", 31 0, L_000001f70ed9ded0;  1 drivers
v000001f70ed99f50_0 .net "id_rd2", 31 0, L_000001f70ed9d1b0;  1 drivers
v000001f70ed99050_0 .net "id_reg_dst", 0 0, v000001f70ed0fa00_0;  1 drivers
v000001f70ed99370_0 .net "id_reg_write", 0 0, v000001f70ed0f8c0_0;  1 drivers
v000001f70ed99b90_0 .net "id_rs", 4 0, L_000001f70ed9dd90;  1 drivers
v000001f70ed99d70_0 .net "id_rt", 4 0, L_000001f70ed9cdf0;  1 drivers
v000001f70ed99690_0 .net "id_sign_ext", 31 0, L_000001f70ed9c0d0;  1 drivers
v000001f70ed98c90_0 .net "idex_alu_op", 1 0, v000001f70ed93e80_0;  1 drivers
v000001f70ed98a10_0 .net "idex_alu_src", 0 0, v000001f70ed93200_0;  1 drivers
v000001f70ed99410_0 .net "idex_branch", 0 0, v000001f70ed93480_0;  1 drivers
v000001f70ed99910_0 .net "idex_funct", 5 0, v000001f70ed929e0_0;  1 drivers
v000001f70ed999b0_0 .net "idex_mem_read", 0 0, v000001f70ed93ac0_0;  1 drivers
v000001f70ed99a50_0 .net "idex_mem_to_reg", 0 0, v000001f70ed938e0_0;  1 drivers
v000001f70ed99c30_0 .net "idex_mem_write", 0 0, v000001f70ed924e0_0;  1 drivers
v000001f70ed99e10_0 .net "idex_pc_plus4", 31 0, v000001f70ed92080_0;  1 drivers
v000001f70ed985b0_0 .net "idex_rd", 4 0, v000001f70ed92260_0;  1 drivers
v000001f70ed98650_0 .net "idex_rd1", 31 0, v000001f70ed92440_0;  1 drivers
v000001f70ed98290_0 .net "idex_rd2", 31 0, v000001f70ed92620_0;  1 drivers
v000001f70ed986f0_0 .net "idex_reg_dst", 0 0, v000001f70ed93d40_0;  1 drivers
v000001f70ed99cd0_0 .net "idex_reg_write", 0 0, v000001f70ed92bc0_0;  1 drivers
v000001f70ed98bf0_0 .net "idex_rs", 4 0, v000001f70ed93b60_0;  1 drivers
v000001f70ed98d30_0 .net "idex_rt", 4 0, v000001f70ed92da0_0;  1 drivers
v000001f70ed99af0_0 .net "idex_sign_ext", 31 0, v000001f70ed93a20_0;  1 drivers
v000001f70ed99730_0 .net "idex_write_reg", 4 0, L_000001f70ed9d070;  1 drivers
v000001f70ed997d0_0 .net "if_id_flush", 0 0, L_000001f70ed263a0;  1 drivers
v000001f70ed98dd0_0 .net "if_id_instr", 31 0, v000001f70ed92760_0;  1 drivers
v000001f70ed994b0_0 .net "if_id_pc", 31 0, v000001f70ed93700_0;  1 drivers
v000001f70ed98e70_0 .net "if_id_write", 0 0, L_000001f70ed266b0;  1 drivers
v000001f70ed980b0_0 .net "instr_if", 31 0, L_000001f70ed26d40;  1 drivers
v000001f70ed98f10_0 .net "jump_taken", 0 0, L_000001f70ed26950;  1 drivers
v000001f70ed992d0_0 .net "jump_target_addr", 31 0, L_000001f70ed9c210;  1 drivers
v000001f70ed99eb0_0 .net "mem_read_data", 31 0, L_000001f70ed26410;  1 drivers
v000001f70ed98790_0 .net "memwb_alu_result", 31 0, v000001f70ed94590_0;  1 drivers
v000001f70ed98fb0_0 .net "memwb_mem_to_reg", 0 0, v000001f70ed953f0_0;  1 drivers
v000001f70ed98830_0 .net "memwb_read_data", 31 0, v000001f70ed952b0_0;  1 drivers
v000001f70ed99870_0 .net "memwb_reg_write", 0 0, v000001f70ed957b0_0;  1 drivers
v000001f70ed981f0_0 .net "memwb_write_reg", 4 0, v000001f70ed95f30_0;  1 drivers
v000001f70ed99550_0 .net "pc_current", 31 0, v000001f70ed95710_0;  1 drivers
v000001f70ed988d0_0 .net "pc_next", 31 0, L_000001f70ed9dc50;  1 drivers
v000001f70ed990f0_0 .net "pc_plus4", 31 0, L_000001f70ed9d390;  1 drivers
v000001f70ed98330_0 .net "pc_write", 0 0, L_000001f70ed26790;  1 drivers
v000001f70ed983d0_0 .net "rst", 0 0, v000001f70ed9d2f0_0;  1 drivers
v000001f70ed995f0_0 .net "wb_reg_write", 0 0, L_000001f70ed26020;  1 drivers
v000001f70ed99190_0 .net "wb_result_fwd", 31 0, L_000001f70ed26a30;  1 drivers
v000001f70ed99230_0 .net "wb_write_data", 31 0, L_000001f70ed2e910;  1 drivers
v000001f70ed98470_0 .net "wb_write_reg", 4 0, L_000001f70ed269c0;  1 drivers
L_000001f70ed9d390 .arith/sum 32, v000001f70ed95710_0, L_000001f70ed9e098;
L_000001f70ed9d4d0 .functor MUXZ 32, L_000001f70ed9d390, L_000001f70ed268e0, L_000001f70ed26800, C4<>;
L_000001f70ed9dc50 .functor MUXZ 32, L_000001f70ed9d4d0, L_000001f70ed9c210, L_000001f70ed26950, C4<>;
L_000001f70ed9d7f0 .part v000001f70ed92760_0, 26, 6;
L_000001f70ed9dd90 .part v000001f70ed92760_0, 21, 5;
L_000001f70ed9cdf0 .part v000001f70ed92760_0, 16, 5;
L_000001f70ed9d570 .part v000001f70ed92760_0, 11, 5;
L_000001f70ed9d110 .part v000001f70ed92760_0, 0, 16;
L_000001f70ed9dcf0 .part v000001f70ed92760_0, 0, 6;
L_000001f70ed9c5d0 .part v000001f70ed92760_0, 0, 26;
L_000001f70ed9dbb0 .part L_000001f70ed9d110, 15, 1;
LS_000001f70ed9d930_0_0 .concat [ 1 1 1 1], L_000001f70ed9dbb0, L_000001f70ed9dbb0, L_000001f70ed9dbb0, L_000001f70ed9dbb0;
LS_000001f70ed9d930_0_4 .concat [ 1 1 1 1], L_000001f70ed9dbb0, L_000001f70ed9dbb0, L_000001f70ed9dbb0, L_000001f70ed9dbb0;
LS_000001f70ed9d930_0_8 .concat [ 1 1 1 1], L_000001f70ed9dbb0, L_000001f70ed9dbb0, L_000001f70ed9dbb0, L_000001f70ed9dbb0;
LS_000001f70ed9d930_0_12 .concat [ 1 1 1 1], L_000001f70ed9dbb0, L_000001f70ed9dbb0, L_000001f70ed9dbb0, L_000001f70ed9dbb0;
L_000001f70ed9d930 .concat [ 4 4 4 4], LS_000001f70ed9d930_0_0, LS_000001f70ed9d930_0_4, LS_000001f70ed9d930_0_8, LS_000001f70ed9d930_0_12;
L_000001f70ed9c0d0 .concat [ 16 16 0 0], L_000001f70ed9d110, L_000001f70ed9d930;
L_000001f70ed9db10 .part v000001f70ed93700_0, 28, 4;
L_000001f70ed9c210 .concat [ 2 26 4 0], L_000001f70ed9e2d8, L_000001f70ed9c5d0, L_000001f70ed9db10;
L_000001f70ed9d070 .functor MUXZ 5, v000001f70ed92da0_0, v000001f70ed92260_0, v000001f70ed93d40_0, C4<>;
L_000001f70ed9c2b0 .cmp/eq 2, v000001f70ed8ed80_0, L_000001f70ed9e368;
L_000001f70ed9cf30 .cmp/eq 2, v000001f70ed8ed80_0, L_000001f70ed9e3b0;
L_000001f70ed9d890 .functor MUXZ 32, v000001f70ed92440_0, L_000001f70ed26a30, L_000001f70ed9cf30, C4<>;
L_000001f70ed9cfd0 .functor MUXZ 32, L_000001f70ed9d890, L_000001f70ed26b10, L_000001f70ed9c2b0, C4<>;
L_000001f70ed9c350 .cmp/eq 2, v000001f70ed8f6e0_0, L_000001f70ed9e3f8;
L_000001f70ed9d750 .cmp/eq 2, v000001f70ed8f6e0_0, L_000001f70ed9e440;
L_000001f70ed9c3f0 .functor MUXZ 32, v000001f70ed92620_0, L_000001f70ed26a30, L_000001f70ed9d750, C4<>;
L_000001f70ed9c8f0 .functor MUXZ 32, L_000001f70ed9c3f0, L_000001f70ed26b10, L_000001f70ed9c350, C4<>;
L_000001f70ed9c490 .functor MUXZ 32, L_000001f70ed9c8f0, v000001f70ed93a20_0, v000001f70ed93200_0, C4<>;
L_000001f70ed9c7b0 .part v000001f70ed93a20_0, 0, 30;
L_000001f70ed9c850 .concat [ 2 30 0 0], L_000001f70ed9e4d0, L_000001f70ed9c7b0;
L_000001f70ed9d9d0 .arith/sum 32, v000001f70ed92080_0, L_000001f70ed9c850;
L_000001f70ed2e910 .functor MUXZ 32, v000001f70ed94590_0, v000001f70ed952b0_0, v000001f70ed953f0_0, C4<>;
S_000001f70ecb47b0 .scope module, "ALU" "alu" 3 213, 4 6 0, S_000001f70ed2cfb0;
 .timescale 0 0;
    .port_info 0 /INPUT 32 "a";
    .port_info 1 /INPUT 32 "b";
    .port_info 2 /INPUT 3 "alu_ctrl";
    .port_info 3 /OUTPUT 32 "result";
    .port_info 4 /OUTPUT 1 "zero";
L_000001f70ed9e488 .functor BUFT 1, C4<00000000000000000000000000000000>, C4<0>, C4<0>, C4<0>;
v000001f70ed10360_0 .net/2u *"_ivl_0", 31 0, L_000001f70ed9e488;  1 drivers
v000001f70ed0ef60_0 .net "a", 31 0, L_000001f70ed9cfd0;  alias, 1 drivers
v000001f70ed0e7e0_0 .net "alu_ctrl", 2 0, v000001f70ed0ece0_0;  alias, 1 drivers
v000001f70ed0eb00_0 .net "b", 31 0, L_000001f70ed9c490;  alias, 1 drivers
v000001f70ed0f820_0 .var "result", 31 0;
v000001f70ed0eba0_0 .net "zero", 0 0, L_000001f70ed9c710;  alias, 1 drivers
E_000001f70ed19280 .event anyedge, v000001f70ed0e7e0_0, v000001f70ed0ef60_0, v000001f70ed0eb00_0;
L_000001f70ed9c710 .cmp/eq 32, v000001f70ed0f820_0, L_000001f70ed9e488;
S_000001f70ed2bd00 .scope module, "ALUCTRL" "alu_control" 3 204, 5 6 0, S_000001f70ed2cfb0;
 .timescale 0 0;
    .port_info 0 /INPUT 2 "alu_op";
    .port_info 1 /INPUT 6 "funct";
    .port_info 2 /OUTPUT 3 "alu_ctrl";
v000001f70ed0ece0_0 .var "alu_ctrl", 2 0;
v000001f70ed0fb40_0 .net "alu_op", 1 0, v000001f70ed93e80_0;  alias, 1 drivers
v000001f70ed0f280_0 .net "funct", 5 0, v000001f70ed929e0_0;  alias, 1 drivers
E_000001f70ed19780 .event anyedge, v000001f70ed0fb40_0, v000001f70ed0f280_0;
S_000001f70ed2e2a0 .scope module, "CTRL" "control_unit" 3 84, 6 6 0, S_000001f70ed2cfb0;
 .timescale 0 0;
    .port_info 0 /INPUT 6 "opcode";
    .port_info 1 /OUTPUT 1 "reg_dst";
    .port_info 2 /OUTPUT 1 "branch";
    .port_info 3 /OUTPUT 1 "mem_read";
    .port_info 4 /OUTPUT 1 "mem_to_reg";
    .port_info 5 /OUTPUT 2 "alu_op";
    .port_info 6 /OUTPUT 1 "mem_write";
    .port_info 7 /OUTPUT 1 "alu_src";
    .port_info 8 /OUTPUT 1 "reg_write";
    .port_info 9 /OUTPUT 1 "jump";
v000001f70ed0f960_0 .var "alu_op", 1 0;
v000001f70ed0f0a0_0 .var "alu_src", 0 0;
v000001f70ed0f140_0 .var "branch", 0 0;
v000001f70ed0f460_0 .var "jump", 0 0;
v000001f70ed0f500_0 .var "mem_read", 0 0;
v000001f70ed0f5a0_0 .var "mem_to_reg", 0 0;
v000001f70ed0f640_0 .var "mem_write", 0 0;
v000001f70ed0f6e0_0 .net "opcode", 5 0, L_000001f70ed9d7f0;  alias, 1 drivers
v000001f70ed0fa00_0 .var "reg_dst", 0 0;
v000001f70ed0f8c0_0 .var "reg_write", 0 0;
E_000001f70ed19b00 .event anyedge, v000001f70ed0f6e0_0;
S_000001f70ece7a40 .scope module, "DMEM" "data_mem" 3 261, 7 4 0, S_000001f70ed2cfb0;
 .timescale 0 0;
    .port_info 0 /INPUT 1 "clk";
    .port_info 1 /INPUT 1 "mem_write";
    .port_info 2 /INPUT 1 "mem_read";
    .port_info 3 /INPUT 32 "addr";
    .port_info 4 /INPUT 32 "write_data";
    .port_info 5 /OUTPUT 32 "read_data";
L_000001f70ed26410 .functor BUFZ 32, L_000001f70ed9da70, C4<00000000000000000000000000000000>, C4<00000000000000000000000000000000>, C4<00000000000000000000000000000000>;
v000001f70ed0fbe0_0 .net *"_ivl_0", 31 0, L_000001f70ed9da70;  1 drivers
v000001f70ed0fc80_0 .net *"_ivl_3", 7 0, L_000001f70ed2ed70;  1 drivers
v000001f70ed01130_0 .net *"_ivl_4", 9 0, L_000001f70ed2eaf0;  1 drivers
L_000001f70ed9e518 .functor BUFT 1, C4<00>, C4<0>, C4<0>, C4<0>;
v000001f70ed019f0_0 .net *"_ivl_7", 1 0, L_000001f70ed9e518;  1 drivers
v000001f70ed8e380_0 .net "addr", 31 0, v000001f70ed8eec0_0;  alias, 1 drivers
v000001f70ed8f1e0_0 .net "clk", 0 0, v000001f70ed98510_0;  alias, 1 drivers
v000001f70ed8f8c0_0 .var/i "i", 31 0;
v000001f70ed8f960 .array "mem", 255 0, 31 0;
v000001f70ed8eb00_0 .net "mem_read", 0 0, v000001f70ed8f820_0;  alias, 1 drivers
v000001f70ed8f640_0 .net "mem_write", 0 0, v000001f70ed8ee20_0;  alias, 1 drivers
v000001f70ed8e060_0 .net "read_data", 31 0, L_000001f70ed26410;  alias, 1 drivers
v000001f70ed8f460_0 .net "write_data", 31 0, v000001f70ed8fc80_0;  alias, 1 drivers
E_000001f70ed18ec0 .event posedge, v000001f70ed8f1e0_0;
L_000001f70ed9da70 .array/port v000001f70ed8f960, L_000001f70ed2eaf0;
L_000001f70ed2ed70 .part v000001f70ed8eec0_0, 2, 8;
L_000001f70ed2eaf0 .concat [ 8 2 0 0], L_000001f70ed2ed70, L_000001f70ed9e518;
S_000001f70ece7bd0 .scope module, "EX_MEM" "ex_mem_reg" 3 236, 8 4 0, S_000001f70ed2cfb0;
 .timescale 0 0;
    .port_info 0 /INPUT 1 "clk";
    .port_info 1 /INPUT 1 "rst";
    .port_info 2 /INPUT 1 "branch_in";
    .port_info 3 /INPUT 1 "mem_read_in";
    .port_info 4 /INPUT 1 "mem_to_reg_in";
    .port_info 5 /INPUT 1 "mem_write_in";
    .port_info 6 /INPUT 1 "reg_write_in";
    .port_info 7 /INPUT 1 "zero_in";
    .port_info 8 /INPUT 32 "branch_target_in";
    .port_info 9 /INPUT 32 "alu_result_in";
    .port_info 10 /INPUT 32 "write_data_in";
    .port_info 11 /INPUT 5 "write_reg_in";
    .port_info 12 /OUTPUT 1 "branch_out";
    .port_info 13 /OUTPUT 1 "mem_read_out";
    .port_info 14 /OUTPUT 1 "mem_to_reg_out";
    .port_info 15 /OUTPUT 1 "mem_write_out";
    .port_info 16 /OUTPUT 1 "reg_write_out";
    .port_info 17 /OUTPUT 1 "zero_out";
    .port_info 18 /OUTPUT 32 "branch_target_out";
    .port_info 19 /OUTPUT 32 "alu_result_out";
    .port_info 20 /OUTPUT 32 "write_data_out";
    .port_info 21 /OUTPUT 5 "write_reg_out";
v000001f70ed8e240_0 .net "alu_result_in", 31 0, v000001f70ed0f820_0;  alias, 1 drivers
v000001f70ed8eec0_0 .var "alu_result_out", 31 0;
v000001f70ed8f500_0 .net "branch_in", 0 0, v000001f70ed93480_0;  alias, 1 drivers
v000001f70ed8ff00_0 .var "branch_out", 0 0;
v000001f70ed8e420_0 .net "branch_target_in", 31 0, L_000001f70ed9d9d0;  alias, 1 drivers
v000001f70ed8eba0_0 .var "branch_target_out", 31 0;
v000001f70ed8e1a0_0 .net "clk", 0 0, v000001f70ed98510_0;  alias, 1 drivers
v000001f70ed8e740_0 .net "mem_read_in", 0 0, v000001f70ed93ac0_0;  alias, 1 drivers
v000001f70ed8f820_0 .var "mem_read_out", 0 0;
v000001f70ed8fa00_0 .net "mem_to_reg_in", 0 0, v000001f70ed938e0_0;  alias, 1 drivers
v000001f70ed8e600_0 .var "mem_to_reg_out", 0 0;
v000001f70ed8f320_0 .net "mem_write_in", 0 0, v000001f70ed924e0_0;  alias, 1 drivers
v000001f70ed8ee20_0 .var "mem_write_out", 0 0;
v000001f70ed8e4c0_0 .net "reg_write_in", 0 0, v000001f70ed92bc0_0;  alias, 1 drivers
v000001f70ed8ece0_0 .var "reg_write_out", 0 0;
v000001f70ed8e6a0_0 .net "rst", 0 0, v000001f70ed9d2f0_0;  alias, 1 drivers
v000001f70ed8ef60_0 .net "write_data_in", 31 0, L_000001f70ed9c8f0;  alias, 1 drivers
v000001f70ed8fc80_0 .var "write_data_out", 31 0;
v000001f70ed8e920_0 .net "write_reg_in", 4 0, L_000001f70ed9d070;  alias, 1 drivers
v000001f70ed8f5a0_0 .var "write_reg_out", 4 0;
v000001f70ed8e100_0 .net "zero_in", 0 0, L_000001f70ed9c710;  alias, 1 drivers
v000001f70ed8f3c0_0 .var "zero_out", 0 0;
E_000001f70ed19b40 .event posedge, v000001f70ed8e6a0_0, v000001f70ed8f1e0_0;
S_000001f70ec2ddd0 .scope module, "FWD" "forwarding_unit" 3 180, 9 4 0, S_000001f70ed2cfb0;
 .timescale 0 0;
    .port_info 0 /INPUT 5 "id_ex_rs";
    .port_info 1 /INPUT 5 "id_ex_rt";
    .port_info 2 /INPUT 5 "ex_mem_rd";
    .port_info 3 /INPUT 1 "ex_mem_reg_write";
    .port_info 4 /INPUT 5 "mem_wb_rd";
    .port_info 5 /INPUT 1 "mem_wb_reg_write";
    .port_info 6 /OUTPUT 2 "forward_a";
    .port_info 7 /OUTPUT 2 "forward_b";
v000001f70ed8f0a0_0 .net "ex_mem_rd", 4 0, v000001f70ed8f5a0_0;  alias, 1 drivers
v000001f70ed8e2e0_0 .net "ex_mem_reg_write", 0 0, v000001f70ed8ece0_0;  alias, 1 drivers
v000001f70ed8ed80_0 .var "forward_a", 1 0;
v000001f70ed8f6e0_0 .var "forward_b", 1 0;
v000001f70ed8f780_0 .net "id_ex_rs", 4 0, v000001f70ed93b60_0;  alias, 1 drivers
v000001f70ed8f000_0 .net "id_ex_rt", 4 0, v000001f70ed92da0_0;  alias, 1 drivers
v000001f70ed8faa0_0 .net "mem_wb_rd", 4 0, v000001f70ed95f30_0;  alias, 1 drivers
v000001f70ed8e560_0 .net "mem_wb_reg_write", 0 0, v000001f70ed957b0_0;  alias, 1 drivers
E_000001f70ed1a040/0 .event anyedge, v000001f70ed8ece0_0, v000001f70ed8f5a0_0, v000001f70ed8f780_0, v000001f70ed8e560_0;
E_000001f70ed1a040/1 .event anyedge, v000001f70ed8faa0_0, v000001f70ed8f000_0;
E_000001f70ed1a040 .event/or E_000001f70ed1a040/0, E_000001f70ed1a040/1;
S_000001f70ec2df60 .scope module, "HAZ" "hazard_unit" 3 124, 10 4 0, S_000001f70ed2cfb0;
 .timescale 0 0;
    .port_info 0 /INPUT 5 "id_rs";
    .port_info 1 /INPUT 5 "id_rt";
    .port_info 2 /INPUT 5 "ex_rt";
    .port_info 3 /INPUT 1 "ex_mem_read";
    .port_info 4 /OUTPUT 1 "stall";
L_000001f70ed26870 .functor AND 1, v000001f70ed93ac0_0, L_000001f70ed9d250, C4<1>, C4<1>;
L_000001f70ed26b80 .functor OR 1, L_000001f70ed9ce90, L_000001f70ed9d6b0, C4<0>, C4<0>;
L_000001f70ed26db0 .functor AND 1, L_000001f70ed26870, L_000001f70ed26b80, C4<1>, C4<1>;
L_000001f70ed9e320 .functor BUFT 1, C4<00000>, C4<0>, C4<0>, C4<0>;
v000001f70ed8fb40_0 .net/2u *"_ivl_0", 4 0, L_000001f70ed9e320;  1 drivers
v000001f70ed8ec40_0 .net *"_ivl_11", 0 0, L_000001f70ed26b80;  1 drivers
v000001f70ed8f280_0 .net *"_ivl_2", 0 0, L_000001f70ed9d250;  1 drivers
v000001f70ed8fdc0_0 .net *"_ivl_5", 0 0, L_000001f70ed26870;  1 drivers
v000001f70ed8e7e0_0 .net *"_ivl_6", 0 0, L_000001f70ed9ce90;  1 drivers
v000001f70ed8f140_0 .net *"_ivl_8", 0 0, L_000001f70ed9d6b0;  1 drivers
v000001f70ed8fe60_0 .net "ex_mem_read", 0 0, v000001f70ed93ac0_0;  alias, 1 drivers
v000001f70ed8fbe0_0 .net "ex_rt", 4 0, v000001f70ed92da0_0;  alias, 1 drivers
v000001f70ed8e880_0 .net "id_rs", 4 0, L_000001f70ed9dd90;  alias, 1 drivers
v000001f70ed8e9c0_0 .net "id_rt", 4 0, L_000001f70ed9cdf0;  alias, 1 drivers
v000001f70ed8ea60_0 .net "stall", 0 0, L_000001f70ed26db0;  alias, 1 drivers
L_000001f70ed9d250 .cmp/ne 5, v000001f70ed92da0_0, L_000001f70ed9e320;
L_000001f70ed9ce90 .cmp/eq 5, v000001f70ed92da0_0, L_000001f70ed9dd90;
L_000001f70ed9d6b0 .cmp/eq 5, v000001f70ed92da0_0, L_000001f70ed9cdf0;
S_000001f70ecc93a0 .scope module, "ID_EX" "id_ex_reg" 3 146, 11 4 0, S_000001f70ed2cfb0;
 .timescale 0 0;
    .port_info 0 /INPUT 1 "clk";
    .port_info 1 /INPUT 1 "rst";
    .port_info 2 /INPUT 1 "flush";
    .port_info 3 /INPUT 1 "reg_dst_in";
    .port_info 4 /INPUT 1 "branch_in";
    .port_info 5 /INPUT 1 "mem_read_in";
    .port_info 6 /INPUT 1 "mem_to_reg_in";
    .port_info 7 /INPUT 2 "alu_op_in";
    .port_info 8 /INPUT 1 "mem_write_in";
    .port_info 9 /INPUT 1 "alu_src_in";
    .port_info 10 /INPUT 1 "reg_write_in";
    .port_info 11 /INPUT 32 "pc_plus4_in";
    .port_info 12 /INPUT 32 "rd1_in";
    .port_info 13 /INPUT 32 "rd2_in";
    .port_info 14 /INPUT 32 "sign_ext_in";
    .port_info 15 /INPUT 5 "rs_in";
    .port_info 16 /INPUT 5 "rt_in";
    .port_info 17 /INPUT 5 "rd_in";
    .port_info 18 /INPUT 6 "funct_in";
    .port_info 19 /OUTPUT 1 "reg_dst_out";
    .port_info 20 /OUTPUT 1 "branch_out";
    .port_info 21 /OUTPUT 1 "mem_read_out";
    .port_info 22 /OUTPUT 1 "mem_to_reg_out";
    .port_info 23 /OUTPUT 2 "alu_op_out";
    .port_info 24 /OUTPUT 1 "mem_write_out";
    .port_info 25 /OUTPUT 1 "alu_src_out";
    .port_info 26 /OUTPUT 1 "reg_write_out";
    .port_info 27 /OUTPUT 32 "pc_plus4_out";
    .port_info 28 /OUTPUT 32 "rd1_out";
    .port_info 29 /OUTPUT 32 "rd2_out";
    .port_info 30 /OUTPUT 32 "sign_ext_out";
    .port_info 31 /OUTPUT 5 "rs_out";
    .port_info 32 /OUTPUT 5 "rt_out";
    .port_info 33 /OUTPUT 5 "rd_out";
    .port_info 34 /OUTPUT 6 "funct_out";
v000001f70ed8fd20_0 .net "alu_op_in", 1 0, v000001f70ed0f960_0;  alias, 1 drivers
v000001f70ed93e80_0 .var "alu_op_out", 1 0;
v000001f70ed93660_0 .net "alu_src_in", 0 0, v000001f70ed0f0a0_0;  alias, 1 drivers
v000001f70ed93200_0 .var "alu_src_out", 0 0;
v000001f70ed92e40_0 .net "branch_in", 0 0, v000001f70ed0f140_0;  alias, 1 drivers
v000001f70ed93480_0 .var "branch_out", 0 0;
v000001f70ed93f20_0 .net "clk", 0 0, v000001f70ed98510_0;  alias, 1 drivers
v000001f70ed92940_0 .net "flush", 0 0, L_000001f70ed261e0;  alias, 1 drivers
v000001f70ed932a0_0 .net "funct_in", 5 0, L_000001f70ed9dcf0;  alias, 1 drivers
v000001f70ed929e0_0 .var "funct_out", 5 0;
v000001f70ed923a0_0 .net "mem_read_in", 0 0, v000001f70ed0f500_0;  alias, 1 drivers
v000001f70ed93ac0_0 .var "mem_read_out", 0 0;
v000001f70ed93340_0 .net "mem_to_reg_in", 0 0, v000001f70ed0f5a0_0;  alias, 1 drivers
v000001f70ed938e0_0 .var "mem_to_reg_out", 0 0;
v000001f70ed93020_0 .net "mem_write_in", 0 0, v000001f70ed0f640_0;  alias, 1 drivers
v000001f70ed924e0_0 .var "mem_write_out", 0 0;
v000001f70ed92580_0 .net "pc_plus4_in", 31 0, v000001f70ed93700_0;  alias, 1 drivers
v000001f70ed92080_0 .var "pc_plus4_out", 31 0;
v000001f70ed93520_0 .net "rd1_in", 31 0, L_000001f70ed9ded0;  alias, 1 drivers
v000001f70ed92440_0 .var "rd1_out", 31 0;
v000001f70ed92a80_0 .net "rd2_in", 31 0, L_000001f70ed9d1b0;  alias, 1 drivers
v000001f70ed92620_0 .var "rd2_out", 31 0;
v000001f70ed926c0_0 .net "rd_in", 4 0, L_000001f70ed9d570;  alias, 1 drivers
v000001f70ed92260_0 .var "rd_out", 4 0;
v000001f70ed92120_0 .net "reg_dst_in", 0 0, v000001f70ed0fa00_0;  alias, 1 drivers
v000001f70ed93d40_0 .var "reg_dst_out", 0 0;
v000001f70ed930c0_0 .net "reg_write_in", 0 0, v000001f70ed0f8c0_0;  alias, 1 drivers
v000001f70ed92bc0_0 .var "reg_write_out", 0 0;
v000001f70ed921c0_0 .net "rs_in", 4 0, L_000001f70ed9dd90;  alias, 1 drivers
v000001f70ed93b60_0 .var "rs_out", 4 0;
v000001f70ed92d00_0 .net "rst", 0 0, v000001f70ed9d2f0_0;  alias, 1 drivers
v000001f70ed92300_0 .net "rt_in", 4 0, L_000001f70ed9cdf0;  alias, 1 drivers
v000001f70ed92da0_0 .var "rt_out", 4 0;
v000001f70ed92f80_0 .net "sign_ext_in", 31 0, L_000001f70ed9c0d0;  alias, 1 drivers
v000001f70ed93a20_0 .var "sign_ext_out", 31 0;
S_000001f70ecc7110 .scope module, "IF_ID" "if_id_reg" 3 56, 12 4 0, S_000001f70ed2cfb0;
 .timescale 0 0;
    .port_info 0 /INPUT 1 "clk";
    .port_info 1 /INPUT 1 "rst";
    .port_info 2 /INPUT 1 "flush";
    .port_info 3 /INPUT 1 "write_en";
    .port_info 4 /INPUT 32 "pc_in";
    .port_info 5 /INPUT 32 "instr_in";
    .port_info 6 /OUTPUT 32 "pc_out";
    .port_info 7 /OUTPUT 32 "instr_out";
v000001f70ed92800_0 .net "clk", 0 0, v000001f70ed98510_0;  alias, 1 drivers
v000001f70ed93840_0 .net "flush", 0 0, L_000001f70ed263a0;  alias, 1 drivers
v000001f70ed92c60_0 .net "instr_in", 31 0, L_000001f70ed26d40;  alias, 1 drivers
v000001f70ed92760_0 .var "instr_out", 31 0;
v000001f70ed933e0_0 .net "pc_in", 31 0, L_000001f70ed9d390;  alias, 1 drivers
v000001f70ed93700_0 .var "pc_out", 31 0;
v000001f70ed93160_0 .net "rst", 0 0, v000001f70ed9d2f0_0;  alias, 1 drivers
v000001f70ed92ee0_0 .net "write_en", 0 0, L_000001f70ed266b0;  alias, 1 drivers
S_000001f70ec85ec0 .scope module, "IMEM" "instr_mem" 3 30, 13 4 0, S_000001f70ed2cfb0;
 .timescale 0 0;
    .port_info 0 /INPUT 32 "addr";
    .port_info 1 /OUTPUT 32 "instr";
L_000001f70ed26d40 .functor BUFZ 32, L_000001f70ed9ccb0, C4<00000000000000000000000000000000>, C4<00000000000000000000000000000000>, C4<00000000000000000000000000000000>;
v000001f70ed92b20_0 .net *"_ivl_0", 31 0, L_000001f70ed9ccb0;  1 drivers
v000001f70ed928a0_0 .net *"_ivl_3", 7 0, L_000001f70ed9d430;  1 drivers
v000001f70ed93980_0 .net *"_ivl_4", 9 0, L_000001f70ed9df70;  1 drivers
L_000001f70ed9e0e0 .functor BUFT 1, C4<00>, C4<0>, C4<0>, C4<0>;
v000001f70ed93c00_0 .net *"_ivl_7", 1 0, L_000001f70ed9e0e0;  1 drivers
v000001f70ed93ca0_0 .net "addr", 31 0, v000001f70ed95710_0;  alias, 1 drivers
v000001f70ed935c0_0 .net "instr", 31 0, L_000001f70ed26d40;  alias, 1 drivers
v000001f70ed93de0 .array "mem", 255 0, 31 0;
L_000001f70ed9ccb0 .array/port v000001f70ed93de0, L_000001f70ed9df70;
L_000001f70ed9d430 .part v000001f70ed95710_0, 2, 8;
L_000001f70ed9df70 .concat [ 8 2 0 0], L_000001f70ed9d430, L_000001f70ed9e0e0;
S_000001f70ec86050 .scope module, "MEM_WB" "mem_wb_reg" 3 276, 14 4 0, S_000001f70ed2cfb0;
 .timescale 0 0;
    .port_info 0 /INPUT 1 "clk";
    .port_info 1 /INPUT 1 "rst";
    .port_info 2 /INPUT 1 "mem_to_reg_in";
    .port_info 3 /INPUT 1 "reg_write_in";
    .port_info 4 /INPUT 32 "read_data_in";
    .port_info 5 /INPUT 32 "alu_result_in";
    .port_info 6 /INPUT 5 "write_reg_in";
    .port_info 7 /OUTPUT 1 "mem_to_reg_out";
    .port_info 8 /OUTPUT 1 "reg_write_out";
    .port_info 9 /OUTPUT 32 "read_data_out";
    .port_info 10 /OUTPUT 32 "alu_result_out";
    .port_info 11 /OUTPUT 5 "write_reg_out";
v000001f70ed937a0_0 .net "alu_result_in", 31 0, v000001f70ed8eec0_0;  alias, 1 drivers
v000001f70ed94590_0 .var "alu_result_out", 31 0;
v000001f70ed95350_0 .net "clk", 0 0, v000001f70ed98510_0;  alias, 1 drivers
v000001f70ed95ad0_0 .net "mem_to_reg_in", 0 0, v000001f70ed8e600_0;  alias, 1 drivers
v000001f70ed953f0_0 .var "mem_to_reg_out", 0 0;
v000001f70ed95490_0 .net "read_data_in", 31 0, L_000001f70ed26410;  alias, 1 drivers
v000001f70ed952b0_0 .var "read_data_out", 31 0;
v000001f70ed95170_0 .net "reg_write_in", 0 0, v000001f70ed8ece0_0;  alias, 1 drivers
v000001f70ed957b0_0 .var "reg_write_out", 0 0;
v000001f70ed95530_0 .net "rst", 0 0, v000001f70ed9d2f0_0;  alias, 1 drivers
v000001f70ed955d0_0 .net "write_reg_in", 4 0, v000001f70ed8f5a0_0;  alias, 1 drivers
v000001f70ed95f30_0 .var "write_reg_out", 4 0;
S_000001f70eca7b60 .scope module, "PC" "pc_reg" 3 21, 15 4 0, S_000001f70ed2cfb0;
 .timescale 0 0;
    .port_info 0 /INPUT 1 "clk";
    .port_info 1 /INPUT 1 "rst";
    .port_info 2 /INPUT 1 "pc_write";
    .port_info 3 /INPUT 32 "pc_in";
    .port_info 4 /OUTPUT 32 "pc_out";
v000001f70ed94c70_0 .net "clk", 0 0, v000001f70ed98510_0;  alias, 1 drivers
v000001f70ed949f0_0 .net "pc_in", 31 0, L_000001f70ed9dc50;  alias, 1 drivers
v000001f70ed95710_0 .var "pc_out", 31 0;
v000001f70ed95670_0 .net "pc_write", 0 0, L_000001f70ed26790;  alias, 1 drivers
v000001f70ed95850_0 .net "rst", 0 0, v000001f70ed9d2f0_0;  alias, 1 drivers
S_000001f70eca7cf0 .scope module, "RF" "reg_file" 3 103, 16 4 0, S_000001f70ed2cfb0;
 .timescale 0 0;
    .port_info 0 /INPUT 1 "clk";
    .port_info 1 /INPUT 1 "rst";
    .port_info 2 /INPUT 1 "we";
    .port_info 3 /INPUT 5 "ra1";
    .port_info 4 /INPUT 5 "ra2";
    .port_info 5 /INPUT 5 "wa";
    .port_info 6 /INPUT 32 "wd";
    .port_info 7 /OUTPUT 32 "rd1";
    .port_info 8 /OUTPUT 32 "rd2";
L_000001f70ed26aa0 .functor AND 1, L_000001f70ed26020, L_000001f70ed9c530, C4<1>, C4<1>;
L_000001f70ed26cd0 .functor AND 1, L_000001f70ed26020, L_000001f70ed9cb70, C4<1>, C4<1>;
L_000001f70ed9e128 .functor BUFT 1, C4<00000>, C4<0>, C4<0>, C4<0>;
v000001f70ed95030_0 .net/2u *"_ivl_0", 4 0, L_000001f70ed9e128;  1 drivers
v000001f70ed95210_0 .net *"_ivl_10", 31 0, L_000001f70ed9d610;  1 drivers
v000001f70ed95e90_0 .net *"_ivl_12", 6 0, L_000001f70ed9ca30;  1 drivers
L_000001f70ed9e1b8 .functor BUFT 1, C4<00>, C4<0>, C4<0>, C4<0>;
v000001f70ed94310_0 .net *"_ivl_15", 1 0, L_000001f70ed9e1b8;  1 drivers
v000001f70ed958f0_0 .net *"_ivl_16", 31 0, L_000001f70ed9de30;  1 drivers
v000001f70ed94950_0 .net *"_ivl_2", 0 0, L_000001f70ed9cc10;  1 drivers
L_000001f70ed9e200 .functor BUFT 1, C4<00000>, C4<0>, C4<0>, C4<0>;
v000001f70ed95cb0_0 .net/2u *"_ivl_20", 4 0, L_000001f70ed9e200;  1 drivers
v000001f70ed95b70_0 .net *"_ivl_22", 0 0, L_000001f70ed9c670;  1 drivers
L_000001f70ed9e248 .functor BUFT 1, C4<00000000000000000000000000000000>, C4<0>, C4<0>, C4<0>;
v000001f70ed95990_0 .net/2u *"_ivl_24", 31 0, L_000001f70ed9e248;  1 drivers
v000001f70ed950d0_0 .net *"_ivl_26", 0 0, L_000001f70ed9cb70;  1 drivers
v000001f70ed944f0_0 .net *"_ivl_29", 0 0, L_000001f70ed26cd0;  1 drivers
v000001f70ed94630_0 .net *"_ivl_30", 31 0, L_000001f70ed9c990;  1 drivers
v000001f70ed941d0_0 .net *"_ivl_32", 6 0, L_000001f70ed9cad0;  1 drivers
L_000001f70ed9e290 .functor BUFT 1, C4<00>, C4<0>, C4<0>, C4<0>;
v000001f70ed95c10_0 .net *"_ivl_35", 1 0, L_000001f70ed9e290;  1 drivers
v000001f70ed94770_0 .net *"_ivl_36", 31 0, L_000001f70ed9c170;  1 drivers
L_000001f70ed9e170 .functor BUFT 1, C4<00000000000000000000000000000000>, C4<0>, C4<0>, C4<0>;
v000001f70ed94a90_0 .net/2u *"_ivl_4", 31 0, L_000001f70ed9e170;  1 drivers
v000001f70ed94b30_0 .net *"_ivl_6", 0 0, L_000001f70ed9c530;  1 drivers
v000001f70ed94810_0 .net *"_ivl_9", 0 0, L_000001f70ed26aa0;  1 drivers
v000001f70ed95a30_0 .net "clk", 0 0, v000001f70ed98510_0;  alias, 1 drivers
v000001f70ed94090_0 .var/i "i", 31 0;
v000001f70ed948b0_0 .net "ra1", 4 0, L_000001f70ed9dd90;  alias, 1 drivers
v000001f70ed95d50_0 .net "ra2", 4 0, L_000001f70ed9cdf0;  alias, 1 drivers
v000001f70ed95df0_0 .net "rd1", 31 0, L_000001f70ed9ded0;  alias, 1 drivers
v000001f70ed94130_0 .net "rd2", 31 0, L_000001f70ed9d1b0;  alias, 1 drivers
v000001f70ed94270 .array "regs", 31 0, 31 0;
v000001f70ed943b0_0 .net "rst", 0 0, v000001f70ed9d2f0_0;  alias, 1 drivers
v000001f70ed94e50_0 .net "wa", 4 0, L_000001f70ed269c0;  alias, 1 drivers
v000001f70ed94bd0_0 .net "wd", 31 0, L_000001f70ed2e910;  alias, 1 drivers
v000001f70ed94450_0 .net "we", 0 0, L_000001f70ed26020;  alias, 1 drivers
L_000001f70ed9cc10 .cmp/eq 5, L_000001f70ed9dd90, L_000001f70ed9e128;
L_000001f70ed9c530 .cmp/eq 5, L_000001f70ed269c0, L_000001f70ed9dd90;
L_000001f70ed9d610 .array/port v000001f70ed94270, L_000001f70ed9ca30;
L_000001f70ed9ca30 .concat [ 5 2 0 0], L_000001f70ed9dd90, L_000001f70ed9e1b8;
L_000001f70ed9de30 .functor MUXZ 32, L_000001f70ed9d610, L_000001f70ed2e910, L_000001f70ed26aa0, C4<>;
L_000001f70ed9ded0 .functor MUXZ 32, L_000001f70ed9de30, L_000001f70ed9e170, L_000001f70ed9cc10, C4<>;
L_000001f70ed9c670 .cmp/eq 5, L_000001f70ed9cdf0, L_000001f70ed9e200;
L_000001f70ed9cb70 .cmp/eq 5, L_000001f70ed269c0, L_000001f70ed9cdf0;
L_000001f70ed9c990 .array/port v000001f70ed94270, L_000001f70ed9cad0;
L_000001f70ed9cad0 .concat [ 5 2 0 0], L_000001f70ed9cdf0, L_000001f70ed9e290;
L_000001f70ed9c170 .functor MUXZ 32, L_000001f70ed9c990, L_000001f70ed2e910, L_000001f70ed26cd0, C4<>;
L_000001f70ed9d1b0 .functor MUXZ 32, L_000001f70ed9c170, L_000001f70ed9e248, L_000001f70ed9c670, C4<>;
    .scope S_000001f70eca7b60;
T_0 ;
    %wait E_000001f70ed19b40;
    %load/vec4 v000001f70ed95850_0;
    %flag_set/vec4 8;
    %jmp/0xz  T_0.0, 8;
    %pushi/vec4 0, 0, 32;
    %assign/vec4 v000001f70ed95710_0, 0;
    %jmp T_0.1;
T_0.0 ;
    %load/vec4 v000001f70ed95670_0;
    %flag_set/vec4 8;
    %jmp/0xz  T_0.2, 8;
    %load/vec4 v000001f70ed949f0_0;
    %assign/vec4 v000001f70ed95710_0, 0;
T_0.2 ;
T_0.1 ;
    %jmp T_0;
    .thread T_0;
    .scope S_000001f70ec85ec0;
T_1 ;
    %vpi_call 13 11 "$readmemh", "program.hex", v000001f70ed93de0 {0 0 0};
    %end;
    .thread T_1;
    .scope S_000001f70ecc7110;
T_2 ;
    %wait E_000001f70ed19b40;
    %load/vec4 v000001f70ed93160_0;
    %flag_set/vec4 8;
    %jmp/1 T_2.2, 8;
    %load/vec4 v000001f70ed93840_0;
    %flag_set/vec4 9;
    %flag_or 8, 9;
T_2.2;
    %jmp/0xz  T_2.0, 8;
    %pushi/vec4 0, 0, 32;
    %assign/vec4 v000001f70ed93700_0, 0;
    %pushi/vec4 0, 0, 32;
    %assign/vec4 v000001f70ed92760_0, 0;
    %jmp T_2.1;
T_2.0 ;
    %load/vec4 v000001f70ed92ee0_0;
    %flag_set/vec4 8;
    %jmp/0xz  T_2.3, 8;
    %load/vec4 v000001f70ed933e0_0;
    %assign/vec4 v000001f70ed93700_0, 0;
    %load/vec4 v000001f70ed92c60_0;
    %assign/vec4 v000001f70ed92760_0, 0;
T_2.3 ;
T_2.1 ;
    %jmp T_2;
    .thread T_2;
    .scope S_000001f70ed2e2a0;
T_3 ;
    %wait E_000001f70ed19b00;
    %pushi/vec4 0, 0, 1;
    %store/vec4 v000001f70ed0fa00_0, 0, 1;
    %pushi/vec4 0, 0, 1;
    %store/vec4 v000001f70ed0f140_0, 0, 1;
    %pushi/vec4 0, 0, 1;
    %store/vec4 v000001f70ed0f500_0, 0, 1;
    %pushi/vec4 0, 0, 1;
    %store/vec4 v000001f70ed0f5a0_0, 0, 1;
    %pushi/vec4 0, 0, 2;
    %store/vec4 v000001f70ed0f960_0, 0, 2;
    %pushi/vec4 0, 0, 1;
    %store/vec4 v000001f70ed0f640_0, 0, 1;
    %pushi/vec4 0, 0, 1;
    %store/vec4 v000001f70ed0f0a0_0, 0, 1;
    %pushi/vec4 0, 0, 1;
    %store/vec4 v000001f70ed0f8c0_0, 0, 1;
    %pushi/vec4 0, 0, 1;
    %store/vec4 v000001f70ed0f460_0, 0, 1;
    %load/vec4 v000001f70ed0f6e0_0;
    %dup/vec4;
    %pushi/vec4 0, 0, 6;
    %cmp/u;
    %jmp/1 T_3.0, 6;
    %dup/vec4;
    %pushi/vec4 8, 0, 6;
    %cmp/u;
    %jmp/1 T_3.1, 6;
    %dup/vec4;
    %pushi/vec4 35, 0, 6;
    %cmp/u;
    %jmp/1 T_3.2, 6;
    %dup/vec4;
    %pushi/vec4 43, 0, 6;
    %cmp/u;
    %jmp/1 T_3.3, 6;
    %dup/vec4;
    %pushi/vec4 4, 0, 6;
    %cmp/u;
    %jmp/1 T_3.4, 6;
    %dup/vec4;
    %pushi/vec4 2, 0, 6;
    %cmp/u;
    %jmp/1 T_3.5, 6;
    %jmp T_3.7;
T_3.0 ;
    %pushi/vec4 1, 0, 1;
    %store/vec4 v000001f70ed0fa00_0, 0, 1;
    %pushi/vec4 2, 0, 2;
    %store/vec4 v000001f70ed0f960_0, 0, 2;
    %pushi/vec4 1, 0, 1;
    %store/vec4 v000001f70ed0f8c0_0, 0, 1;
    %jmp T_3.7;
T_3.1 ;
    %pushi/vec4 1, 0, 1;
    %store/vec4 v000001f70ed0f0a0_0, 0, 1;
    %pushi/vec4 0, 0, 2;
    %store/vec4 v000001f70ed0f960_0, 0, 2;
    %pushi/vec4 1, 0, 1;
    %store/vec4 v000001f70ed0f8c0_0, 0, 1;
    %jmp T_3.7;
T_3.2 ;
    %pushi/vec4 1, 0, 1;
    %store/vec4 v000001f70ed0f0a0_0, 0, 1;
    %pushi/vec4 1, 0, 1;
    %store/vec4 v000001f70ed0f500_0, 0, 1;
    %pushi/vec4 1, 0, 1;
    %store/vec4 v000001f70ed0f5a0_0, 0, 1;
    %pushi/vec4 1, 0, 1;
    %store/vec4 v000001f70ed0f8c0_0, 0, 1;
    %pushi/vec4 0, 0, 2;
    %store/vec4 v000001f70ed0f960_0, 0, 2;
    %jmp T_3.7;
T_3.3 ;
    %pushi/vec4 1, 0, 1;
    %store/vec4 v000001f70ed0f0a0_0, 0, 1;
    %pushi/vec4 1, 0, 1;
    %store/vec4 v000001f70ed0f640_0, 0, 1;
    %pushi/vec4 0, 0, 2;
    %store/vec4 v000001f70ed0f960_0, 0, 2;
    %jmp T_3.7;
T_3.4 ;
    %pushi/vec4 1, 0, 1;
    %store/vec4 v000001f70ed0f140_0, 0, 1;
    %pushi/vec4 1, 0, 2;
    %store/vec4 v000001f70ed0f960_0, 0, 2;
    %jmp T_3.7;
T_3.5 ;
    %pushi/vec4 1, 0, 1;
    %store/vec4 v000001f70ed0f460_0, 0, 1;
    %jmp T_3.7;
T_3.7 ;
    %pop/vec4 1;
    %jmp T_3;
    .thread T_3, $push;
    .scope S_000001f70eca7cf0;
T_4 ;
    %wait E_000001f70ed19b40;
    %load/vec4 v000001f70ed943b0_0;
    %flag_set/vec4 8;
    %jmp/0xz  T_4.0, 8;
    %pushi/vec4 0, 0, 32;
    %store/vec4 v000001f70ed94090_0, 0, 32;
T_4.2 ;
    %load/vec4 v000001f70ed94090_0;
    %cmpi/s 32, 0, 32;
    %jmp/0xz T_4.3, 5;
    %pushi/vec4 0, 0, 32;
    %ix/getv/s 3, v000001f70ed94090_0;
    %ix/load 4, 0, 0; Constant delay
    %assign/vec4/a/d v000001f70ed94270, 0, 4;
    %load/vec4 v000001f70ed94090_0;
    %addi 1, 0, 32;
    %store/vec4 v000001f70ed94090_0, 0, 32;
    %jmp T_4.2;
T_4.3 ;
    %jmp T_4.1;
T_4.0 ;
    %load/vec4 v000001f70ed94450_0;
    %flag_set/vec4 9;
    %flag_get/vec4 9;
    %jmp/0 T_4.6, 9;
    %load/vec4 v000001f70ed94e50_0;
    %pushi/vec4 0, 0, 5;
    %cmp/ne;
    %flag_get/vec4 4;
    %and;
T_4.6;
    %flag_set/vec4 8;
    %jmp/0xz  T_4.4, 8;
    %load/vec4 v000001f70ed94bd0_0;
    %load/vec4 v000001f70ed94e50_0;
    %pad/u 7;
    %ix/vec4 3;
    %ix/load 4, 0, 0; Constant delay
    %assign/vec4/a/d v000001f70ed94270, 0, 4;
T_4.4 ;
T_4.1 ;
    %jmp T_4;
    .thread T_4;
    .scope S_000001f70ecc93a0;
T_5 ;
    %wait E_000001f70ed19b40;
    %load/vec4 v000001f70ed92d00_0;
    %flag_set/vec4 8;
    %jmp/1 T_5.2, 8;
    %load/vec4 v000001f70ed92940_0;
    %flag_set/vec4 9;
    %flag_or 8, 9;
T_5.2;
    %jmp/0xz  T_5.0, 8;
    %pushi/vec4 0, 0, 1;
    %assign/vec4 v000001f70ed93d40_0, 0;
    %pushi/vec4 0, 0, 1;
    %assign/vec4 v000001f70ed93480_0, 0;
    %pushi/vec4 0, 0, 1;
    %assign/vec4 v000001f70ed93ac0_0, 0;
    %pushi/vec4 0, 0, 1;
    %assign/vec4 v000001f70ed938e0_0, 0;
    %pushi/vec4 0, 0, 2;
    %assign/vec4 v000001f70ed93e80_0, 0;
    %pushi/vec4 0, 0, 1;
    %assign/vec4 v000001f70ed924e0_0, 0;
    %pushi/vec4 0, 0, 1;
    %assign/vec4 v000001f70ed93200_0, 0;
    %pushi/vec4 0, 0, 1;
    %assign/vec4 v000001f70ed92bc0_0, 0;
    %pushi/vec4 0, 0, 32;
    %assign/vec4 v000001f70ed92080_0, 0;
    %pushi/vec4 0, 0, 32;
    %assign/vec4 v000001f70ed92440_0, 0;
    %pushi/vec4 0, 0, 32;
    %assign/vec4 v000001f70ed92620_0, 0;
    %pushi/vec4 0, 0, 32;
    %assign/vec4 v000001f70ed93a20_0, 0;
    %pushi/vec4 0, 0, 5;
    %assign/vec4 v000001f70ed93b60_0, 0;
    %pushi/vec4 0, 0, 5;
    %assign/vec4 v000001f70ed92da0_0, 0;
    %pushi/vec4 0, 0, 5;
    %assign/vec4 v000001f70ed92260_0, 0;
    %pushi/vec4 0, 0, 6;
    %assign/vec4 v000001f70ed929e0_0, 0;
    %jmp T_5.1;
T_5.0 ;
    %load/vec4 v000001f70ed92120_0;
    %assign/vec4 v000001f70ed93d40_0, 0;
    %load/vec4 v000001f70ed92e40_0;
    %assign/vec4 v000001f70ed93480_0, 0;
    %load/vec4 v000001f70ed923a0_0;
    %assign/vec4 v000001f70ed93ac0_0, 0;
    %load/vec4 v000001f70ed93340_0;
    %assign/vec4 v000001f70ed938e0_0, 0;
    %load/vec4 v000001f70ed8fd20_0;
    %assign/vec4 v000001f70ed93e80_0, 0;
    %load/vec4 v000001f70ed93020_0;
    %assign/vec4 v000001f70ed924e0_0, 0;
    %load/vec4 v000001f70ed93660_0;
    %assign/vec4 v000001f70ed93200_0, 0;
    %load/vec4 v000001f70ed930c0_0;
    %assign/vec4 v000001f70ed92bc0_0, 0;
    %load/vec4 v000001f70ed92580_0;
    %assign/vec4 v000001f70ed92080_0, 0;
    %load/vec4 v000001f70ed93520_0;
    %assign/vec4 v000001f70ed92440_0, 0;
    %load/vec4 v000001f70ed92a80_0;
    %assign/vec4 v000001f70ed92620_0, 0;
    %load/vec4 v000001f70ed92f80_0;
    %assign/vec4 v000001f70ed93a20_0, 0;
    %load/vec4 v000001f70ed921c0_0;
    %assign/vec4 v000001f70ed93b60_0, 0;
    %load/vec4 v000001f70ed92300_0;
    %assign/vec4 v000001f70ed92da0_0, 0;
    %load/vec4 v000001f70ed926c0_0;
    %assign/vec4 v000001f70ed92260_0, 0;
    %load/vec4 v000001f70ed932a0_0;
    %assign/vec4 v000001f70ed929e0_0, 0;
T_5.1 ;
    %jmp T_5;
    .thread T_5;
    .scope S_000001f70ec2ddd0;
T_6 ;
    %wait E_000001f70ed1a040;
    %load/vec4 v000001f70ed8e2e0_0;
    %flag_set/vec4 10;
    %flag_get/vec4 10;
    %jmp/0 T_6.3, 10;
    %load/vec4 v000001f70ed8f0a0_0;
    %pushi/vec4 0, 0, 5;
    %cmp/ne;
    %flag_get/vec4 4;
    %and;
T_6.3;
    %flag_set/vec4 9;
    %flag_get/vec4 9;
    %jmp/0 T_6.2, 9;
    %load/vec4 v000001f70ed8f0a0_0;
    %load/vec4 v000001f70ed8f780_0;
    %cmp/e;
    %flag_get/vec4 4;
    %and;
T_6.2;
    %flag_set/vec4 8;
    %jmp/0xz  T_6.0, 8;
    %pushi/vec4 1, 0, 2;
    %store/vec4 v000001f70ed8ed80_0, 0, 2;
    %jmp T_6.1;
T_6.0 ;
    %load/vec4 v000001f70ed8e560_0;
    %flag_set/vec4 10;
    %flag_get/vec4 10;
    %jmp/0 T_6.7, 10;
    %load/vec4 v000001f70ed8faa0_0;
    %pushi/vec4 0, 0, 5;
    %cmp/ne;
    %flag_get/vec4 4;
    %and;
T_6.7;
    %flag_set/vec4 9;
    %flag_get/vec4 9;
    %jmp/0 T_6.6, 9;
    %load/vec4 v000001f70ed8faa0_0;
    %load/vec4 v000001f70ed8f780_0;
    %cmp/e;
    %flag_get/vec4 4;
    %and;
T_6.6;
    %flag_set/vec4 8;
    %jmp/0xz  T_6.4, 8;
    %pushi/vec4 2, 0, 2;
    %store/vec4 v000001f70ed8ed80_0, 0, 2;
    %jmp T_6.5;
T_6.4 ;
    %pushi/vec4 0, 0, 2;
    %store/vec4 v000001f70ed8ed80_0, 0, 2;
T_6.5 ;
T_6.1 ;
    %load/vec4 v000001f70ed8e2e0_0;
    %flag_set/vec4 10;
    %flag_get/vec4 10;
    %jmp/0 T_6.11, 10;
    %load/vec4 v000001f70ed8f0a0_0;
    %pushi/vec4 0, 0, 5;
    %cmp/ne;
    %flag_get/vec4 4;
    %and;
T_6.11;
    %flag_set/vec4 9;
    %flag_get/vec4 9;
    %jmp/0 T_6.10, 9;
    %load/vec4 v000001f70ed8f0a0_0;
    %load/vec4 v000001f70ed8f000_0;
    %cmp/e;
    %flag_get/vec4 4;
    %and;
T_6.10;
    %flag_set/vec4 8;
    %jmp/0xz  T_6.8, 8;
    %pushi/vec4 1, 0, 2;
    %store/vec4 v000001f70ed8f6e0_0, 0, 2;
    %jmp T_6.9;
T_6.8 ;
    %load/vec4 v000001f70ed8e560_0;
    %flag_set/vec4 10;
    %flag_get/vec4 10;
    %jmp/0 T_6.15, 10;
    %load/vec4 v000001f70ed8faa0_0;
    %pushi/vec4 0, 0, 5;
    %cmp/ne;
    %flag_get/vec4 4;
    %and;
T_6.15;
    %flag_set/vec4 9;
    %flag_get/vec4 9;
    %jmp/0 T_6.14, 9;
    %load/vec4 v000001f70ed8faa0_0;
    %load/vec4 v000001f70ed8f000_0;
    %cmp/e;
    %flag_get/vec4 4;
    %and;
T_6.14;
    %flag_set/vec4 8;
    %jmp/0xz  T_6.12, 8;
    %pushi/vec4 2, 0, 2;
    %store/vec4 v000001f70ed8f6e0_0, 0, 2;
    %jmp T_6.13;
T_6.12 ;
    %pushi/vec4 0, 0, 2;
    %store/vec4 v000001f70ed8f6e0_0, 0, 2;
T_6.13 ;
T_6.9 ;
    %jmp T_6;
    .thread T_6, $push;
    .scope S_000001f70ed2bd00;
T_7 ;
    %wait E_000001f70ed19780;
    %load/vec4 v000001f70ed0fb40_0;
    %dup/vec4;
    %pushi/vec4 0, 0, 2;
    %cmp/u;
    %jmp/1 T_7.0, 6;
    %dup/vec4;
    %pushi/vec4 1, 0, 2;
    %cmp/u;
    %jmp/1 T_7.1, 6;
    %dup/vec4;
    %pushi/vec4 2, 0, 2;
    %cmp/u;
    %jmp/1 T_7.2, 6;
    %pushi/vec4 0, 0, 3;
    %store/vec4 v000001f70ed0ece0_0, 0, 3;
    %jmp T_7.4;
T_7.0 ;
    %pushi/vec4 0, 0, 3;
    %store/vec4 v000001f70ed0ece0_0, 0, 3;
    %jmp T_7.4;
T_7.1 ;
    %pushi/vec4 1, 0, 3;
    %store/vec4 v000001f70ed0ece0_0, 0, 3;
    %jmp T_7.4;
T_7.2 ;
    %load/vec4 v000001f70ed0f280_0;
    %dup/vec4;
    %pushi/vec4 32, 0, 6;
    %cmp/u;
    %jmp/1 T_7.5, 6;
    %dup/vec4;
    %pushi/vec4 34, 0, 6;
    %cmp/u;
    %jmp/1 T_7.6, 6;
    %dup/vec4;
    %pushi/vec4 36, 0, 6;
    %cmp/u;
    %jmp/1 T_7.7, 6;
    %dup/vec4;
    %pushi/vec4 37, 0, 6;
    %cmp/u;
    %jmp/1 T_7.8, 6;
    %dup/vec4;
    %pushi/vec4 42, 0, 6;
    %cmp/u;
    %jmp/1 T_7.9, 6;
    %pushi/vec4 0, 0, 3;
    %store/vec4 v000001f70ed0ece0_0, 0, 3;
    %jmp T_7.11;
T_7.5 ;
    %pushi/vec4 0, 0, 3;
    %store/vec4 v000001f70ed0ece0_0, 0, 3;
    %jmp T_7.11;
T_7.6 ;
    %pushi/vec4 1, 0, 3;
    %store/vec4 v000001f70ed0ece0_0, 0, 3;
    %jmp T_7.11;
T_7.7 ;
    %pushi/vec4 2, 0, 3;
    %store/vec4 v000001f70ed0ece0_0, 0, 3;
    %jmp T_7.11;
T_7.8 ;
    %pushi/vec4 3, 0, 3;
    %store/vec4 v000001f70ed0ece0_0, 0, 3;
    %jmp T_7.11;
T_7.9 ;
    %pushi/vec4 4, 0, 3;
    %store/vec4 v000001f70ed0ece0_0, 0, 3;
    %jmp T_7.11;
T_7.11 ;
    %pop/vec4 1;
    %jmp T_7.4;
T_7.4 ;
    %pop/vec4 1;
    %jmp T_7;
    .thread T_7, $push;
    .scope S_000001f70ecb47b0;
T_8 ;
    %wait E_000001f70ed19280;
    %load/vec4 v000001f70ed0e7e0_0;
    %dup/vec4;
    %pushi/vec4 0, 0, 3;
    %cmp/u;
    %jmp/1 T_8.0, 6;
    %dup/vec4;
    %pushi/vec4 1, 0, 3;
    %cmp/u;
    %jmp/1 T_8.1, 6;
    %dup/vec4;
    %pushi/vec4 2, 0, 3;
    %cmp/u;
    %jmp/1 T_8.2, 6;
    %dup/vec4;
    %pushi/vec4 3, 0, 3;
    %cmp/u;
    %jmp/1 T_8.3, 6;
    %dup/vec4;
    %pushi/vec4 4, 0, 3;
    %cmp/u;
    %jmp/1 T_8.4, 6;
    %pushi/vec4 0, 0, 32;
    %store/vec4 v000001f70ed0f820_0, 0, 32;
    %jmp T_8.6;
T_8.0 ;
    %load/vec4 v000001f70ed0ef60_0;
    %load/vec4 v000001f70ed0eb00_0;
    %add;
    %store/vec4 v000001f70ed0f820_0, 0, 32;
    %jmp T_8.6;
T_8.1 ;
    %load/vec4 v000001f70ed0ef60_0;
    %load/vec4 v000001f70ed0eb00_0;
    %sub;
    %store/vec4 v000001f70ed0f820_0, 0, 32;
    %jmp T_8.6;
T_8.2 ;
    %load/vec4 v000001f70ed0ef60_0;
    %load/vec4 v000001f70ed0eb00_0;
    %and;
    %store/vec4 v000001f70ed0f820_0, 0, 32;
    %jmp T_8.6;
T_8.3 ;
    %load/vec4 v000001f70ed0ef60_0;
    %load/vec4 v000001f70ed0eb00_0;
    %or;
    %store/vec4 v000001f70ed0f820_0, 0, 32;
    %jmp T_8.6;
T_8.4 ;
    %load/vec4 v000001f70ed0ef60_0;
    %load/vec4 v000001f70ed0eb00_0;
    %cmp/s;
    %flag_mov 8, 5;
    %jmp/0 T_8.7, 8;
    %pushi/vec4 1, 0, 32;
    %jmp/1 T_8.8, 8;
T_8.7 ; End of true expr.
    %pushi/vec4 0, 0, 32;
    %jmp/0 T_8.8, 8;
 ; End of false expr.
    %blend;
T_8.8;
    %store/vec4 v000001f70ed0f820_0, 0, 32;
    %jmp T_8.6;
T_8.6 ;
    %pop/vec4 1;
    %jmp T_8;
    .thread T_8, $push;
    .scope S_000001f70ece7bd0;
T_9 ;
    %wait E_000001f70ed19b40;
    %load/vec4 v000001f70ed8e6a0_0;
    %flag_set/vec4 8;
    %jmp/0xz  T_9.0, 8;
    %pushi/vec4 0, 0, 1;
    %assign/vec4 v000001f70ed8ff00_0, 0;
    %pushi/vec4 0, 0, 1;
    %assign/vec4 v000001f70ed8f820_0, 0;
    %pushi/vec4 0, 0, 1;
    %assign/vec4 v000001f70ed8e600_0, 0;
    %pushi/vec4 0, 0, 1;
    %assign/vec4 v000001f70ed8ee20_0, 0;
    %pushi/vec4 0, 0, 1;
    %assign/vec4 v000001f70ed8ece0_0, 0;
    %pushi/vec4 0, 0, 1;
    %assign/vec4 v000001f70ed8f3c0_0, 0;
    %pushi/vec4 0, 0, 32;
    %assign/vec4 v000001f70ed8eba0_0, 0;
    %pushi/vec4 0, 0, 32;
    %assign/vec4 v000001f70ed8eec0_0, 0;
    %pushi/vec4 0, 0, 32;
    %assign/vec4 v000001f70ed8fc80_0, 0;
    %pushi/vec4 0, 0, 5;
    %assign/vec4 v000001f70ed8f5a0_0, 0;
    %jmp T_9.1;
T_9.0 ;
    %load/vec4 v000001f70ed8f500_0;
    %assign/vec4 v000001f70ed8ff00_0, 0;
    %load/vec4 v000001f70ed8e740_0;
    %assign/vec4 v000001f70ed8f820_0, 0;
    %load/vec4 v000001f70ed8fa00_0;
    %assign/vec4 v000001f70ed8e600_0, 0;
    %load/vec4 v000001f70ed8f320_0;
    %assign/vec4 v000001f70ed8ee20_0, 0;
    %load/vec4 v000001f70ed8e4c0_0;
    %assign/vec4 v000001f70ed8ece0_0, 0;
    %load/vec4 v000001f70ed8e100_0;
    %assign/vec4 v000001f70ed8f3c0_0, 0;
    %load/vec4 v000001f70ed8e420_0;
    %assign/vec4 v000001f70ed8eba0_0, 0;
    %load/vec4 v000001f70ed8e240_0;
    %assign/vec4 v000001f70ed8eec0_0, 0;
    %load/vec4 v000001f70ed8ef60_0;
    %assign/vec4 v000001f70ed8fc80_0, 0;
    %load/vec4 v000001f70ed8e920_0;
    %assign/vec4 v000001f70ed8f5a0_0, 0;
T_9.1 ;
    %jmp T_9;
    .thread T_9;
    .scope S_000001f70ece7a40;
T_10 ;
    %pushi/vec4 0, 0, 32;
    %store/vec4 v000001f70ed8f8c0_0, 0, 32;
T_10.0 ;
    %load/vec4 v000001f70ed8f8c0_0;
    %cmpi/s 256, 0, 32;
    %jmp/0xz T_10.1, 5;
    %pushi/vec4 0, 0, 32;
    %ix/getv/s 4, v000001f70ed8f8c0_0;
    %store/vec4a v000001f70ed8f960, 4, 0;
    %load/vec4 v000001f70ed8f8c0_0;
    %addi 1, 0, 32;
    %store/vec4 v000001f70ed8f8c0_0, 0, 32;
    %jmp T_10.0;
T_10.1 ;
    %end;
    .thread T_10;
    .scope S_000001f70ece7a40;
T_11 ;
    %wait E_000001f70ed18ec0;
    %load/vec4 v000001f70ed8f640_0;
    %flag_set/vec4 8;
    %jmp/0xz  T_11.0, 8;
    %load/vec4 v000001f70ed8f460_0;
    %load/vec4 v000001f70ed8e380_0;
    %parti/s 8, 2, 3;
    %pad/u 10;
    %ix/vec4 3;
    %ix/load 4, 0, 0; Constant delay
    %assign/vec4/a/d v000001f70ed8f960, 0, 4;
T_11.0 ;
    %jmp T_11;
    .thread T_11;
    .scope S_000001f70ec86050;
T_12 ;
    %wait E_000001f70ed19b40;
    %load/vec4 v000001f70ed95530_0;
    %flag_set/vec4 8;
    %jmp/0xz  T_12.0, 8;
    %pushi/vec4 0, 0, 1;
    %assign/vec4 v000001f70ed953f0_0, 0;
    %pushi/vec4 0, 0, 1;
    %assign/vec4 v000001f70ed957b0_0, 0;
    %pushi/vec4 0, 0, 32;
    %assign/vec4 v000001f70ed952b0_0, 0;
    %pushi/vec4 0, 0, 32;
    %assign/vec4 v000001f70ed94590_0, 0;
    %pushi/vec4 0, 0, 5;
    %assign/vec4 v000001f70ed95f30_0, 0;
    %jmp T_12.1;
T_12.0 ;
    %load/vec4 v000001f70ed95ad0_0;
    %assign/vec4 v000001f70ed953f0_0, 0;
    %load/vec4 v000001f70ed95170_0;
    %assign/vec4 v000001f70ed957b0_0, 0;
    %load/vec4 v000001f70ed95490_0;
    %assign/vec4 v000001f70ed952b0_0, 0;
    %load/vec4 v000001f70ed937a0_0;
    %assign/vec4 v000001f70ed94590_0, 0;
    %load/vec4 v000001f70ed955d0_0;
    %assign/vec4 v000001f70ed95f30_0, 0;
T_12.1 ;
    %jmp T_12;
    .thread T_12;
    .scope S_000001f70ed2b710;
T_13 ;
    %pushi/vec4 0, 0, 1;
    %store/vec4 v000001f70ed98510_0, 0, 1;
    %end;
    .thread T_13;
    .scope S_000001f70ed2b710;
T_14 ;
    %delay 5000, 0;
    %load/vec4 v000001f70ed98510_0;
    %inv;
    %store/vec4 v000001f70ed98510_0, 0, 1;
    %jmp T_14;
    .thread T_14;
    .scope S_000001f70ed2b710;
T_15 ;
    %pushi/vec4 1, 0, 1;
    %store/vec4 v000001f70ed9d2f0_0, 0, 1;
    %delay 12000, 0;
    %pushi/vec4 0, 0, 1;
    %store/vec4 v000001f70ed9d2f0_0, 0, 1;
    %end;
    .thread T_15;
    .scope S_000001f70ed2b710;
T_16 ;
    %delay 400000, 0;
    %vpi_call 2 30 "$display", "\012--- Final Register File State ---" {0 0 0};
    %vpi_call 2 31 "$display", "r1  = %0d (expect 10)", &A<v000001f70ed94270, 1> {0 0 0};
    %vpi_call 2 32 "$display", "r2  = %0d (expect 20)", &A<v000001f70ed94270, 2> {0 0 0};
    %vpi_call 2 33 "$display", "r3  = %0d (expect 30)", &A<v000001f70ed94270, 3> {0 0 0};
    %vpi_call 2 34 "$display", "r4  = %0d (expect 20)", &A<v000001f70ed94270, 4> {0 0 0};
    %vpi_call 2 35 "$display", "r5  = %0d (expect 20)", &A<v000001f70ed94270, 5> {0 0 0};
    %vpi_call 2 36 "$display", "r6  = %0d (expect 30)", &A<v000001f70ed94270, 6> {0 0 0};
    %vpi_call 2 37 "$display", "r7  = %0d (expect 0, branch skipped)", &A<v000001f70ed94270, 7> {0 0 0};
    %vpi_call 2 38 "$display", "r8  = %0d (expect 0, branch skipped)", &A<v000001f70ed94270, 8> {0 0 0};
    %vpi_call 2 39 "$display", "r9  = %0d (expect 7)", &A<v000001f70ed94270, 9> {0 0 0};
    %vpi_call 2 40 "$display", "r10 = %0d (expect 2)", &A<v000001f70ed94270, 10> {0 0 0};
    %vpi_call 2 41 "$display", "r11 = %0d (expect 15)", &A<v000001f70ed94270, 11> {0 0 0};
    %vpi_call 2 42 "$display", "r12 = %0d (expect 1)", &A<v000001f70ed94270, 12> {0 0 0};
    %vpi_call 2 43 "$display", "mem[0] = %0d (expect 20)", &A<v000001f70ed8f960, 0> {0 0 0};
    %vpi_call 2 44 "$finish" {0 0 0};
    %end;
    .thread T_16;
    .scope S_000001f70ed2b710;
T_17 ;
    %pushi/vec4 0, 0, 32;
    %store/vec4 v000001f70ed9cd50_0, 0, 32;
    %end;
    .thread T_17;
    .scope S_000001f70ed2b710;
T_18 ;
    %wait E_000001f70ed18ec0;
    %load/vec4 v000001f70ed9d2f0_0;
    %nor/r;
    %flag_set/vec4 8;
    %jmp/0xz  T_18.0, 8;
    %load/vec4 v000001f70ed9cd50_0;
    %addi 1, 0, 32;
    %store/vec4 v000001f70ed9cd50_0, 0, 32;
    %vpi_call 2 53 "$display", "Cycle %0d | PC=%0d IF=%08h | ID/EX rd1=%0d rd2=%0d alu_res=%0d | hazard_stall=%b branch_taken=%b", v000001f70ed9cd50_0, v000001f70ed99550_0, v000001f70ed980b0_0, v000001f70ed98650_0, v000001f70ed98290_0, v000001f70ed96500_0, v000001f70ed975e0_0, v000001f70ed97540_0 {0 0 0};
T_18.0 ;
    %jmp T_18;
    .thread T_18;
# The file index is used to find the file name in the following table.
:file_names 17;
    "N/A";
    "<interactive>";
    "tb_pipeline_cpu.v";
    "pipeline_cpu.v";
    "alu.v";
    "alu_control.v";
    "control_unit.v";
    "data_mem.v";
    "ex_mem_reg.v";
    "forwarding_unit.v";
    "hazard_unit.v";
    "id_ex_reg.v";
    "if_id_reg.v";
    "instr_mem.v";
    "mem_wb_reg.v";
    "pc.v";
    "reg_file.v";
